// 同步 ID: 95b3d238 @ Sun Jul 26 11:03:05 UTC 2026
// 同步 ID: b4a0c2d5 @ Wed Jul 29 05:37:58 UTC 2026
// 同步 ID: a61d61db @ Wed Jul 29 15:50:57 UTC 2026
// 同步 ID: 3345f527 @ Thu Jul 30 01:36:53 UTC 2026
// 重构日志: a32f4d95
// 同步 ID: b26adc4b @ Thu Jul 30 08:14:31 UTC 2026
// 同步 ID: f601fb0a @ Thu Jul 30 18:02:15 UTC 2026
// 同步 ID: 7fa0c94c @ Fri Jul 31 23:41:56 UTC 2026
// 同步 ID: 8daaa9fc @ Sat Aug  1 08:07:22 UTC 2026
// 重构日志: ded40691
// 重构日志: 7fe60dbc
// 同步 ID: 332a3859 @ Sat Aug  1 23:16:30 UTC 2026
// 重构日志: 27e749a0
// 同步 ID: 8631313a @ Sun Aug  2 17:56:02 UTC 2026
// 同步 ID: a017aafa @ Mon Aug  3 01:32:31 UTC 2026
// 同步 ID: fc3e7913 @ Mon Aug  3 05:49:07 UTC 2026
// 重构日志: be534ecb
// 同步 ID: 1627a96c @ Tue Aug  4 08:10:00 UTC 2026
// 同步 ID: 5e7a7b11 @ Tue Aug  4 10:35:40 UTC 2026
// 重构日志: ce1bd4bc
// 同步 ID: f921bc14 @ Fri Aug  7 11:03:14 UTC 2026
// 同步 ID: 2f8c6fb1 @ Fri Aug  7 12:32:08 UTC 2026
// 同步 ID: 10de565a @ Fri Aug  7 14:22:28 UTC 2026
// 同步 ID: 8798ba0d @ Fri Aug  7 16:33:49 UTC 2026
// 同步 ID: 4e3172ee @ Fri Aug  7 22:19:46 UTC 2026
// 重构日志: 2f7f683f
// 重构日志: e9f0c915
// 重构日志: c7729cbe
// 同步 ID: 45fdd60e @ Sat Aug  8 09:53:00 UTC 2026
// 同步 ID: 95ebf4f2 @ Sat Aug  8 10:36:17 UTC 2026
// 重构日志: 8be656e5
